Application     C:\Users\Cristina\Dropbox (Old)\TanayLMIS\LMIS\TanayBasicData\BasicData\BasicDataBatchEdit.bch
Type            BATCH
Input Data      <<CSPro DB>> C:\Users\Cristina\Dropbox (Old)\TanayLMIS\LMIS\TanayBasicData\Data\Population.csdb                                                                                                                                                                                                             
<Output>        <<CSPro DB>> C:\Users\Cristina\Dropbox (Old)\TanayLMIS\LMIS\TanayBasicData\Data\BatchEdit.csdb                                                                                                                                                                                                              

Date            Nov  7, 2018
Start Time      13:54:39
End Time        13:54:39

CSPRO Process Summary
          +-----------------------------------------------------+
          |       4 Records Read ( 100% of input file)          |
          |       0 Ignored (       0 unknown,        0 erased) |
          |       0 Messages (       0 U,       0 W,       0 E) |
          +---------+--------------+--------------+-------------+
          |  Level  |  Input Case  |  Bad Struct  |  Level Post |
          +---------+--------------+--------------+-------------+
          |     1   |          3   |          0   |          3  |
          +---------+--------------+--------------+-------------+                                                     
                                                                                
                                                                                
                                                                                

Process Messages

CSPRO Executor Normal End
--------------------------------------------------------------------------------
